// Jest Snapshot v1, https://goo.gl/fbAQLP

exports[`App snapshot renders 1`] = `
<main
  className="flex flex-col gap-4 py-4"
>
  <section>
    <div
      className="flex justify-center gap-2"
    >
      <button
        className="button"
        onClick={[Function]}
      >
        Increment
      </button>
      <button
        className="button"
        onClick={[Function]}
      >
        Decrement
      </button>
    </div>
    <div
      className="text-center mt-4"
    >
      <p
        className="font-semibold text-lg text-blue-700"
      >
        0
      </p>
    </div>
  </section>
  <section>
    <p
      className="text-center text-yellow-500"
    >
      Loading...
    </p>
  </section>
</main>
`;
